<?xml version="1.0" encoding="UTF-8"?>
<testsuites name="jest tests" tests="18" failures="0" errors="0" time="4.156">
  <testsuite name="GenerateToken" errors="0" failures="0" skipped="0" timestamp="2021-12-13T13:26:13" time="2.211" tests="1">
    <testcase classname="GenerateToken Should generate a valid token when passing a valid user to GenerateTokenUseCase.execute()" name="GenerateToken Should generate a valid token when passing a valid user to GenerateTokenUseCase.execute()" time="0.022">
    </testcase>
  </testsuite>
  <testsuite name="FindAddressByZipcode" errors="0" failures="0" skipped="0" timestamp="2021-12-13T13:26:15" time="0.274" tests="4">
    <testcase classname="FindAddressByZipcode should return a valid address object when passing a valid zipcode to FindAddressByZipcodeUseCase.execute()" name="FindAddressByZipcode should return a valid address object when passing a valid zipcode to FindAddressByZipcodeUseCase.execute()" time="0.007">
    </testcase>
    <testcase classname="FindAddressByZipcode should return Invalid zipcode when passing a invalid zipcode to FindAddressByZipcodeUseCase.execute()" name="FindAddressByZipcode should return Invalid zipcode when passing a invalid zipcode to FindAddressByZipcodeUseCase.execute()" time="0.001">
    </testcase>
    <testcase classname="FindAddressByZipcode should return Invalid zipcode with more than 8 digits in FindAddressByZipcodeUseCase.execute()" name="FindAddressByZipcode should return Invalid zipcode with more than 8 digits in FindAddressByZipcodeUseCase.execute()" time="0.002">
    </testcase>
    <testcase classname="FindAddressByZipcode should return &quot;Rua bola 3&quot; in street field when passing to FindAddressByZipcodeUseCase.execute() a not existing zipcode in mock addresses but exists an approximation" name="FindAddressByZipcode should return &quot;Rua bola 3&quot; in street field when passing to FindAddressByZipcodeUseCase.execute() a not existing zipcode in mock addresses but exists an approximation" time="0.002">
    </testcase>
  </testsuite>
  <testsuite name="Token Validation" errors="0" failures="0" skipped="0" timestamp="2021-12-13T13:26:16" time="0.256" tests="4">
    <testcase classname="Token Validation should return true with a valid token when passing a valid token to TokenValidationUseCase.execute()" name="Token Validation should return true with a valid token when passing a valid token to TokenValidationUseCase.execute()" time="0.007">
    </testcase>
    <testcase classname="Token Validation should throw jwt malformed error if token passed to TokenValidationUseCase.execute() is not a jwt" name="Token Validation should throw jwt malformed error if token passed to TokenValidationUseCase.execute() is not a jwt" time="0.002">
    </testcase>
    <testcase classname="Token Validation should return invalid signature if token passed to TokenValidationUseCase.execute() is not generated by this api" name="Token Validation should return invalid signature if token passed to TokenValidationUseCase.execute() is not generated by this api" time="0.001">
    </testcase>
    <testcase classname="Token Validation should return expiration error when token passed to TokenValidationUseCase.execute() is expired" name="Token Validation should return expiration error when token passed to TokenValidationUseCase.execute() is expired" time="0.001">
    </testcase>
  </testsuite>
  <testsuite name="Untokenized routes" errors="0" failures="0" skipped="0" timestamp="2021-12-13T13:26:13" time="3.423" tests="3">
    <testcase classname="Untokenized routes should generate a valid token when sending a valid body to POST /authentication" name="Untokenized routes should generate a valid token when sending a valid body to POST /authentication" time="0.075">
    </testcase>
    <testcase classname="Untokenized routes should return email field error when sending invalid email address to POST /authentication" name="Untokenized routes should return email field error when sending invalid email address to POST /authentication" time="0.011">
    </testcase>
    <testcase classname="Untokenized routes should return password field error when sending invalid password length to POST /authentication" name="Untokenized routes should return password field error when sending invalid password length to POST /authentication" time="0.008">
    </testcase>
  </testsuite>
  <testsuite name="Tokenized Routes" errors="0" failures="0" skipped="0" timestamp="2021-12-13T13:26:13" time="3.477" tests="6">
    <testcase classname="Tokenized Routes should return status code 200 when GET /healthcheck" name="Tokenized Routes should return status code 200 when GET /healthcheck" time="0.051">
    </testcase>
    <testcase classname="Tokenized Routes should return status code 401 without token when GET /healthcheck" name="Tokenized Routes should return status code 401 without token when GET /healthcheck" time="0.013">
    </testcase>
    <testcase classname="Tokenized Routes should return status code 200 with valid address sending zipcode to GET /address/:zipcode" name="Tokenized Routes should return status code 200 with valid address sending zipcode to GET /address/:zipcode" time="0.021">
    </testcase>
    <testcase classname="Tokenized Routes should return status code 200 with the first valid address sending a different zipcode to GET /address/:zipcode" name="Tokenized Routes should return status code 200 with the first valid address sending a different zipcode to GET /address/:zipcode" time="0.007">
    </testcase>
    <testcase classname="Tokenized Routes Should return status code 400 when sending invalid address to GET /address/:zipcode" name="Tokenized Routes Should return status code 400 when sending invalid address to GET /address/:zipcode" time="0.007">
    </testcase>
    <testcase classname="Tokenized Routes should return status code 400 when sending malformated address to GET /address/:zipcode" name="Tokenized Routes should return status code 400 when sending malformated address to GET /address/:zipcode" time="0.007">
    </testcase>
  </testsuite>
</testsuites>